---
source: crates/cipher/src/cipher/substitution/tests.rs
expression: ciphertext
---
ukb tvlgn cdrxq iry mvpsf rwbd ukb oeaz hrj
