---
source: src/cipher/autokey/tests.rs
expression: ciphertext
---
dlc jbmse jtyxe tkk oijym akwf olv ehdj dne
