---
source: crates/cipher/src/cipher/autokey/tests.rs
expression: ciphertext
---
dlc xyise dboxe bbx xrmym dnef xye sezj cmg
