---
source: src/cipher/caesar/tests.rs
expression: ciphertext
---
the quick brown fox jumps over the lazy dog
