---
source: src/cipher/caesar/tests.rs
expression: ciphertext
---
uifrvjdlcspxogpykvnqtpwfsuifmbazeph
