---
source: src/cipher/caesar/tests.rs
expression: ciphertext
---
uif rvjdl cspxo gpy kvnqt pwfs uif mbaz eph
