---
source: src/cipher/vigenere/tests.rs
expression: ciphertext
---
dlc ussgi fpyal jmh heqnc mfip xfo jkdw hmq
