---
source: src/cipher/vigenere/tests.rs
expression: ciphertext
---
dlc aygmo zbsux jmh nswtq yzcb xfo pyjc byk
