---
source: crates/cipher/src/cipher/caesar/tests.rs
expression: ciphertext
---
uifrvjdlcspxogpykvnqtpwfsuifmbazeph
